---
source: src/handle_commands/load_pipeline/init_validation.rs
expression: actual
---
NoConflict([
  SourceTargetNode(
    source_node: NodeEntryMeta(
      node_type: File,
      source_path: "/some/source/a",
    ),
    target: "/some/target/a",
  ),
  SourceTargetNode(
    source_node: NodeEntryMeta(
      node_type: File,
      source_path: "/some/source/b",
    ),
    target: "/some/target/b",
  ),
  SourceTargetNode(
    source_node: NodeEntryMeta(
      node_type: Folder,
      source_path: "/some/source/aaa/ccc",
    ),
    target: "/some/target/aaa/ccc",
  ),
])
