---
source: src/app_traits/path_provider.rs
expression: actual
---
[
    "root/config",
    "root/data",
    "root/data/scripts",
    "root/data/templates",
    "root/config/dict.toml",
    "root/data/templates/A",
    "root/data/templates/A/files",
    "root/data/templates/A/meta_data.json",
    "root/data/templates/B",
    "root/data/templates/B/files",
]
