---
source: tests/os_all_nodes_inside.rs
expression: striped
---
[
    NodeEntryMeta {
        node_type: File,
        source_path: "exe.bin",
    },
    NodeEntryMeta {
        node_type: File,
        source_path: "2.txt",
    },
    NodeEntryMeta {
        node_type: File,
        source_path: "1.txt",
    },
]
