---
source: src/file_management/write_transactions.rs
expression: actual
---
WriteTransactions(
  files: [
    FileToLoad(
      source: "/a/source/ccc",
      target: "/a/target/ccc",
    ),
    FileToLoad(
      source: "/a/source/aaaa/aa",
      target: "/a/target/aaaa/aa",
    ),
    FileToLoad(
      source: "/a/source/zzz/z",
      target: "/a/target/zzz/z",
    ),
  ],
  folders: [
    DirToEnsure(
      source: "/a/source/aaaa",
      target: "/a/target/aaaa",
    ),
    DirToEnsure(
      source: "/a/source/aaaa/aaa",
      target: "/a/target/aaaa/aaa",
    ),
    DirToEnsure(
      source: "/a/source/b",
      target: "/a/target/b",
    ),
  ],
)
