---
source: src/template_meta_data.rs
expression: serde_version
---
Ok(
    AllTemplateMetaData {
        templates: [
            TemplateMeta {
                name: NotEmptyText(
                    "a",
                ),
            },
            TemplateMeta {
                name: NotEmptyText(
                    "b",
                ),
            },
        ],
    },
)
